// Jest Snapshot v1, https://goo.gl/fbAQLP

exports[`renders homepage unchanged 1`] = `
<div>
  <main
    class="flex flex-col items-start justify-center gap-10"
  >
    <h1
      class="text-5xl dark:bg-amber-500 bg-pink-500"
    >
      Wellcome to SocialHub
    </h1>
    <p
      class="text-lg"
    >
      Lorem ipsum, dolor sit amet consectetur adipisicing elit. Qui quaerat explicabo reprehenderit culpa iste nobis totam rem omnis dolores, esse natus tenetur autem quasi eum animi sapiente enim aut consequuntur sed fugit. Illum voluptatem ipsam dignissimos saepe, et similique. Voluptatum exercitationem quam mollitia illum, repudiandae ipsum facere quisquam quos aliquid dolore esse placeat harum fugit temporibus architecto fugiat iusto quia est? Enim rem earum nesciunt eveniet ex. Libero debitis itaque minima cum, enim nobis suscipit. Ratione incidunt totam unde consequatur repellat, ducimus iusto fuga possimus hic odio, deserunt ex nisi ut? Est commodi sequi, magni nostrum sunt dolore esse velit.
    </p>
    <p
      class="text-lg"
    >
      Lorem ipsum, dolor sit amet consectetur adipisicing elit. Qui quaerat explicabo reprehenderit culpa iste nobis totam rem omnis dolores, esse natus tenetur autem quasi eum animi sapiente enim aut consequuntur sed fugit. Illum voluptatem ipsam dignissimos saepe, et similique. Voluptatum exercitationem quam mollitia illum, repudiandae ipsum facere quisquam quos aliquid dolore esse placeat harum fugit temporibus architecto fugiat iusto quia est? Enim rem earum nesciunt eveniet ex. Libero debitis itaque minima cum, enim nobis suscipit. Ratione incidunt totam unde consequatur repellat, ducimus iusto fuga possimus hic odio, deserunt ex nisi ut? Est commodi sequi, magni nostrum sunt dolore esse velit.
    </p>
    <p
      class="text-lg"
    >
      Lorem ipsum, dolor sit amet consectetur adipisicing elit. Qui quaerat explicabo reprehenderit culpa iste nobis totam rem omnis dolores, esse natus tenetur autem quasi eum animi sapiente enim aut consequuntur sed fugit. Illum voluptatem ipsam dignissimos saepe, et similique. Voluptatum exercitationem quam mollitia illum, repudiandae ipsum facere quisquam quos aliquid dolore esse placeat harum fugit temporibus architecto fugiat iusto quia est? Enim rem earum nesciunt eveniet ex. Libero debitis itaque minima cum, enim nobis suscipit. Ratione incidunt totam unde consequatur repellat, ducimus iusto fuga possimus hic odio, deserunt ex nisi ut? Est commodi sequi, magni nostrum sunt dolore esse velit.
    </p>
  </main>
</div>
`;
